<html>
<body>
<pre>
<h1>µVision Build Log</h1>
<h2>Tool Versions:</h2>
IDE-Version: µVision V5.27.1.0
Copyright (C) 2019 ARM Ltd and ARM Germany GmbH. All rights reserved.
License Information: Maxim Chudakov, N/A, LIC=----
 
Tool Versions:
Toolchain:       MDK-Lite  Version: 5.27.1.0
Toolchain Path:  C:\Keil_v5\ARM\ARMCC\Bin
C Compiler:      Armcc.exe V5.06 update 6 (build 750)
Assembler:       Armasm.exe V5.06 update 6 (build 750)
Linker/Locator:  ArmLink.exe V5.06 update 6 (build 750)
Library Manager: ArmAr.exe V5.06 update 6 (build 750)
Hex Converter:   FromElf.exe V5.06 update 6 (build 750)
CPU DLL:         SARMCM3.DLL V5.27.1.0
Dialog DLL:      DCM.DLL V1.17.2.0
Target DLL:      STLink\ST-LINKIII-KEIL_SWO.dll V3.0.6.0
Dialog DLL:      TCM.DLL V1.36.1.0
 
<h2>Project:</h2>
C:\Users\Chupakabra\Desktop\STM32\projects\LED_TREE\LED_TREE v.1.0.0\LED_TREE v.1.0.0.uvprojx
Project File Date:  06/23/2021

<h2>Output:</h2>
*** Using Compiler 'V5.06 update 6 (build 750)', folder: 'C:\Keil_v5\ARM\ARMCC\Bin'
Build target 'Target 1'
compiling main.c...
USER\MBI5050_command.c(92): warning:  #174-D: expression has no effect
          __NOP;
USER\MBI5050_command.c(109): warning:  #174-D: expression has no effect
          __NOP;
USER\MBI5050_command.c(133): warning:  #174-D: expression has no effect
              __NOP;
USER\MBI5050_command.c(154): warning:  #174-D: expression has no effect
          __NOP;
USER\MBI5050_command.c(171): warning:  #174-D: expression has no effect
          __NOP;
USER\MBI5050_command.c(196): warning:  #174-D: expression has no effect
              __NOP;
USER\MBI5050_command.c(221): warning:  #174-D: expression has no effect
          __NOP;
USER\MBI5050_command.c(230): warning:  #174-D: expression has no effect
      __NOP;
USER\lighting functions.c(83): warning:  #174-D: expression has no effect
      for(ch_speed;ch_speed>0;ch_speed--)
USER\themes.c(172): warning:  #174-D: expression has no effect
              __NOP;
USER\themes.c(204): warning:  #174-D: expression has no effect
              __NOP;
USER\themes.c(236): warning:  #174-D: expression has no effect
              __NOP;
USER\themes.c(269): warning:  #174-D: expression has no effect
              __NOP;
USER\main.c: 13 warnings, 0 errors
linking...
Program Size: Code=12140 RO-data=372 RW-data=28 ZI-data=2244  
FromELF: creating hex file...
".\Objects\LED_TREE v.1.0.0" - 0 Error(s), 13 Warning(s).

<h2>Software Packages used:</h2>

Package Vendor: Keil
                http://www.keil.com/pack/Keil.STM32F1xx_DFP.2.3.0.pack
                Keil.STM32F1xx_DFP.2.3.0
                STMicroelectronics STM32F1 Series Device Support, Drivers and Examples

<h2>Collection of Component include folders:</h2>
  .\RTE\_Target_1
  C:\Users\Chupakabra\AppData\Local\Arm\Packs\Keil\STM32F1xx_DFP\2.3.0\Device\Include

<h2>Collection of Component Files used:</h2>
Build Time Elapsed:  00:00:01
</pre>
</body>
</html>
